// Jest Snapshot v1, https://goo.gl/fbAQLP

exports[`renders correctly 1`] = `
Array [
  <div
    className="sc-bdVaJa gnNedY"
  >
    <div
      className="sc-bwzfXH kqxhZx"
    >
      <p
        className="sc-htpNat brQbym"
        onClick={[Function]}
      >
        GBP
      </p>
      <p
        className="sc-htpNat fwGNFT"
        onClick={[Function]}
      >
        USD
      </p>
      <p
        className="sc-htpNat fwGNFT"
        onClick={[Function]}
      >
        EUR
      </p>
      <p
        className="sc-htpNat fwGNFT"
        onClick={[Function]}
      >
        JPY
      </p>
    </div>
    <div
      className="sc-bwzfXH bLDufQ"
      width="70%"
    >
      <div
        className="sc-EHOje fRMCnM"
      >
        Press ↑↓ to change currency or ↵ to buy 
        <b>
          ¥
        </b>
         @ 
        0.00000
      </div>
      <input
        autoFocus={true}
        className="sc-ifAKCX cLThwN"
        mask={[Function]}
        onBlur={[Function]}
        onFocus={[Function]}
        onKeyDown={[Function]}
        onKeyUp={[Function]}
        value={null}
      />
      <p
        className="sc-bxivhb kSLlTs"
      >
        You have 
        £5,000.00
      </p>
    </div>
  </div>,
  <div
    className="sc-bdVaJa lmiDtV"
  >
    <div
      className="sc-bwzfXH kqxhZx"
    >
      <p
        className="sc-htpNat fwGNFT"
        onClick={[Function]}
      >
        GBP
      </p>
      <p
        className="sc-htpNat fwGNFT"
        onClick={[Function]}
      >
        USD
      </p>
      <p
        className="sc-htpNat fwGNFT"
        onClick={[Function]}
      >
        EUR
      </p>
      <p
        className="sc-htpNat brQbym"
        onClick={[Function]}
      >
        JPY
      </p>
    </div>
    <div
      className="sc-bwzfXH bLDufQ"
      width="70%"
    >
      <div
        className="sc-EHOje fRMCnM"
      >
        Press ↑↓ to change currency or ↵ to buy 
        <b>
          £
        </b>
         @ 
        0.00000
      </div>
      <input
        autoFocus={false}
        className="sc-ifAKCX cLThwN"
        mask={[Function]}
        onBlur={[Function]}
        onFocus={[Function]}
        onKeyDown={[Function]}
        onKeyUp={[Function]}
        value={null}
      />
      <p
        className="sc-bxivhb kSLlTs"
      >
        You have 
        ¥0
      </p>
    </div>
  </div>,
]
`;
